// Jest Snapshot v1, https://goo.gl/fbAQLP

exports[`<Tabs /> correct rendering renders successfully 1`] = `
<div>
  <ul
    className="pgn__tabs nav nav-tabs"
    onKeyDown={[Function]}
    role="tablist"
  >
    <li
      className="nav-item"
      role="presentation"
    >
      <button
        aria-controls="react-aria-1-tabpane-tab_1"
        aria-selected={true}
        className="nav-link active"
        data-rr-ui-event-key="tab_1"
        disabled={false}
        id="react-aria-1-tab-tab_1"
        onClick={[Function]}
        role="tab"
        type="button"
      >
        Tab 1
        <div
          aria-live="polite"
          className="pgn__bubble pgn__bubble-error pgn__tab-notification expandable"
          role="status"
        >
          4
        </div>
      </button>
    </li>
    <li
      className="nav-item"
      role="presentation"
    >
      <button
        aria-controls="react-aria-1-tabpane-null"
        className="pgn__tab_more nav-link"
        data-rr-ui-event-key={null}
        disabled={false}
        id="react-aria-1-tab-null"
        onClick={[Function]}
        role="tab"
        tabIndex={-1}
        type="button"
      >
        <div
          className="pgn__dropdown pgn__dropdown-light dropdown"
          data-testid="dropdown"
        >
          <button
            aria-expanded={false}
            className="nav-link dropdown-toggle btn btn-link"
            disabled={false}
            id="pgn__tab-toggle"
            onClick={[Function]}
            type="button"
          >
            More...
          </button>
        </div>
      </button>
    </li>
    <li
      className="nav-item"
      role="presentation"
    >
      <button
        aria-controls="react-aria-1-tabpane-tab_2"
        aria-selected={false}
        className="pgn__tab_invisible nav-link"
        data-rr-ui-event-key="tab_2"
        disabled={false}
        id="react-aria-1-tab-tab_2"
        onClick={[Function]}
        role="tab"
        tabIndex={-1}
        type="button"
      >
        Tab 2
      </button>
    </li>
    <li
      className="nav-item"
      role="presentation"
    >
      <button
        aria-controls="react-aria-1-tabpane-tab_3"
        aria-selected={false}
        className="pgn__tab_invisible nav-link"
        data-rr-ui-event-key="tab_3"
        disabled={false}
        id="react-aria-1-tab-tab_3"
        onClick={[Function]}
        role="tab"
        tabIndex={-1}
        type="button"
      >
        Tab 3
      </button>
    </li>
  </ul>
  <div
    className="tab-content"
  >
    <div
      aria-labelledby="react-aria-1-tab-tab_1"
      className="fade tab-pane active show"
      id="react-aria-1-tabpane-tab_1"
      notification={4}
      role="tabpanel"
    />
    <div
      aria-labelledby="react-aria-1-tab-undefined"
      className="fade tab-pane"
      id="react-aria-1-tabpane-undefined"
      role="tabpanel"
    />
    <div
      aria-labelledby="react-aria-1-tab-tab_2"
      className="fade tab-pane"
      id="react-aria-1-tabpane-tab_2"
      role="tabpanel"
    />
    <div
      aria-labelledby="react-aria-1-tab-tab_3"
      className="fade tab-pane"
      id="react-aria-1-tabpane-tab_3"
      role="tabpanel"
    />
  </div>
</div>
`;
